2026-08-17 18:19:18 [INFO] Server starting on 0.0.0.0:8080 (data dir: C:\Coding\SeaDEX Compare)
2026-08-17 18:19:54 [INFO] Scan started
2026-08-17 18:20:20 [INFO] releases.moe: 2324 best-release entries loaded
2026-08-17 18:20:20 [INFO] Local library: 101 item(s) from Sonarr/Radarr
2026-08-17 18:20:21 [WARNING] No AniList match for: High School D×D
2026-08-17 18:20:23 [WARNING] No AniList match for: KonoSuba – God’s blessing on this wonderful world!!
2026-08-17 18:20:25 [WARNING] No AniList match for: KissXSis
2026-08-17 18:20:27 [WARNING] No AniList match for: A Silent Voice: The Movie
2026-08-17 18:20:27 [INFO] Scan finished in 32.8s — 50 upgrade(s) found
2026-08-17 18:38:46 [INFO] Server starting on 0.0.0.0:8080 (data dir: C:\Coding\SeaDEX Compare)
2026-08-17 18:38:51 [INFO] Scan started
2026-08-17 18:39:08 [INFO] releases.moe: 2324 best-release entries loaded
2026-08-17 18:39:09 [INFO] Local library: 101 item(s) from Sonarr/Radarr
2026-08-17 18:51:36 [INFO] Scan finished in 764.5s — 50 upgrade(s) found
2026-08-17 19:09:14 [INFO] Server starting on 0.0.0.0:8080 (data dir: C:\Coding\SeaDEX Compare)
2026-08-17 19:09:33 [INFO] Scan started
2026-08-17 19:10:00 [INFO] releases.moe: 2324 best-release entries loaded
2026-08-17 19:10:00 [INFO] Local library: 101 item(s) from Sonarr/Radarr
2026-08-17 19:10:00 [INFO] Scan finished in 27.8s — 48 upgrade(s) found
2026-08-17 19:33:02 [INFO] Server starting on 0.0.0.0:8080 (data dir: C:\Coding\SeaDEX Compare)
2026-08-17 19:33:19 [INFO] Scan started
2026-08-17 19:33:38 [INFO] releases.moe: 2324 best-release entries loaded
2026-08-17 19:33:38 [INFO] Local library: 101 item(s) from Sonarr/Radarr
2026-08-17 19:33:38 [INFO] Scan finished in 19.6s — 48 upgrade(s) found
2026-08-17 19:34:10 [ERROR] Download failed for Sonarr:114194:2:TTGA: qBittorrent is not configured (Config tab)
2026-08-17 19:35:16 [INFO] Config saved (autocheck=60m, notify=True)
2026-08-17 19:35:36 [ERROR] Download failed for Sonarr:141391:1:NTRX: qBittorrent login failed (HTTP 204)
2026-08-17 19:36:00 [ERROR] Download failed for Sonarr:141391:1:NTRX: qBittorrent login failed (HTTP 204)
2026-08-17 19:39:18 [INFO] Server starting on 0.0.0.0:8080 (data dir: C:\Coding\SeaDEX Compare)
2026-08-17 19:40:52 [ERROR] Download failed for Sonarr:114194:2:TTGA: qBittorrent rejected the torrent (HTTP 200: {"added_torrent_ids":["b091bbbbdce18af9e60575a35289ca57c50d6f8c"],"failure_count":0,"pending_count":0,"success_count":1})
2026-08-17 19:41:45 [INFO] Server starting on 0.0.0.0:8080 (data dir: C:\Coding\SeaDEX Compare)
2026-08-17 19:41:54 [INFO] Sent to qBittorrent: Sonarr:114194:2:TTGA (tag: Sonarr)
2026-08-17 19:42:21 [INFO] Sent to qBittorrent: Sonarr:141391:1:NTRX (tag: Sonarr)
2026-08-17 19:56:36 [INFO] Sent to qBittorrent: Sonarr:153152:1:CRUCiBLE (tag: Sonarr)
2026-08-17 20:08:43 [INFO] Server starting on 0.0.0.0:8080 (data dir: C:\Coding\SeaDEX Compare)
2026-08-17 20:09:01 [INFO] Scan started
2026-08-17 20:09:40 [INFO] releases.moe: 2829 best-release entries loaded
2026-08-17 20:09:40 [INFO] Local library: 101 item(s) from Sonarr/Radarr
2026-08-17 20:09:40 [INFO] Scan finished in 39.4s — 47 upgrade(s) found
2026-08-17 20:32:29 [INFO] Server starting on 0.0.0.0:8080 (data dir: C:\Coding\SeaDEX Compare)
2026-08-17 20:32:58 [INFO] Scan started
2026-08-17 20:33:18 [INFO] releases.moe: 2829 best-release entries loaded
2026-08-17 20:33:18 [INFO] Local library: 101 item(s) from Sonarr/Radarr
2026-08-17 20:33:18 [INFO] Scan finished in 20.5s — 47 upgrade(s) found
2026-08-17 20:49:44 [INFO] Sent to qBittorrent: Sonarr:117448:2:KMN5 release 0 (tag: Sonarr)
2026-08-17 21:03:59 [INFO] Server starting on 0.0.0.0:8080 (data dir: C:\Coding\SeaDEX Compare)
2026-08-17 21:04:12 [INFO] Scan started
2026-08-17 21:04:27 [INFO] releases.moe: 2829 best-release entries loaded
2026-08-17 21:04:27 [INFO] Local library: 101 item(s) from Sonarr/Radarr
2026-08-17 21:04:27 [INFO] Scan finished in 15.0s — 43 upgrade(s) found
2026-08-17 21:39:06 [INFO] Server starting on 0.0.0.0:8080 (data dir: C:\Coding\SeaDEX Compare)
2026-08-17 21:40:35 [INFO] Scan started
2026-08-17 21:40:49 [INFO] releases.moe: 2829 best-release entries loaded
2026-08-17 21:40:49 [INFO] Local library: 101 item(s) from Sonarr/Radarr
2026-08-17 21:40:49 [INFO] Scan finished in 13.4s — 42 upgrade(s) found
2026-08-17 21:41:38 [INFO] Sent to qBittorrent: Sonarr:101921:1:Flugel release 0 (category: sonarr-anime)
2026-08-17 22:00:16 [INFO] Server starting on 0.0.0.0:8080 (data dir: C:\Coding\SeaDEX Compare)
2026-08-17 22:03:10 [INFO] Scan started
2026-08-17 22:03:27 [INFO] releases.moe: 2829 best-release entries loaded
2026-08-17 22:03:27 [INFO] Local library: 101 item(s) from Sonarr/Radarr
2026-08-17 22:03:27 [INFO] Scan finished in 17.0s — 189 upgrade(s) found
2026-08-17 22:29:03 [INFO] Server starting on 0.0.0.0:8080 (data dir: C:\Coding\SeaDEX Compare)
2026-08-17 23:01:33 [INFO] Server starting on 0.0.0.0:8080 (data dir: C:\Coding\SeaDEX Compare)
2026-08-17 23:02:36 [INFO] Server starting on 0.0.0.0:8080 (data dir: C:\Coding\SeaDEX Compare)
2026-08-17 23:28:56 [INFO] Scan started
2026-08-17 23:29:00 [INFO] releases.moe: 2829 best-release entries loaded
2026-08-17 23:29:00 [INFO] Local library: 100 item(s) from Sonarr/Radarr
2026-08-17 23:29:00 [INFO] Scan finished in 3.8s — 188 upgrade(s) found
2026-08-17 23:29:03 [INFO] Auto-check triggered (interval 60 min)
2026-08-17 23:29:03 [INFO] Scan started
2026-08-17 23:29:07 [INFO] releases.moe: 2829 best-release entries loaded
2026-08-17 23:29:07 [INFO] Local library: 100 item(s) from Sonarr/Radarr
2026-08-17 23:29:07 [INFO] Scan finished in 3.9s — 188 upgrade(s) found
2026-08-17 23:29:43 [INFO] Discord: sent 39/39 notification(s)
2026-08-17 23:54:47 [INFO] Scan started
2026-08-17 23:54:51 [INFO] releases.moe: 2829 best-release entries loaded
2026-08-17 23:54:51 [INFO] Local library: 100 item(s) from Sonarr/Radarr
2026-08-17 23:54:51 [INFO] Scan finished in 4.6s — 187 upgrade(s) found
2026-08-18 00:09:16 [INFO] Scan started
2026-08-18 00:09:21 [INFO] releases.moe: 2829 best-release entries loaded
2026-08-18 00:09:21 [INFO] Local library: 100 item(s) from Sonarr/Radarr
2026-08-18 00:09:21 [INFO] Scan finished in 4.9s — 187 upgrade(s) found
2026-08-18 00:10:59 [INFO] Server starting on 0.0.0.0:8080 (data dir: C:\Coding\SeaDEX Compare)
2026-08-18 00:11:28 [INFO] Scan started
2026-08-18 00:11:32 [INFO] releases.moe: 2829 best-release entries loaded
2026-08-18 00:11:32 [INFO] Local library: 100 item(s) from Sonarr/Radarr
2026-08-18 00:20:17 [INFO] Scan finished in 528.5s — 187 upgrade(s) found
2026-08-18 08:15:35 [INFO] Server starting on 0.0.0.0:8080 (data dir: C:\Coding\SeaDex Companion)
2026-08-18 08:22:51 [INFO] Sent to qBittorrent: Sonarr:120377:1:Kawatare release 0 (category: sonarr-anime)
2026-08-18 08:23:12 [INFO] Sent to qBittorrent: Sonarr:120697:1:YURASUKA release 0 (category: sonarr-anime)
2026-08-18 08:23:14 [INFO] Sent to qBittorrent: Sonarr:140596:2:YURASUKA release 0 (category: sonarr-anime)
2026-08-18 08:24:16 [INFO] Scan started
2026-08-18 08:24:21 [INFO] releases.moe: 2829 best-release entries loaded
2026-08-18 08:24:21 [INFO] Local library: 102 item(s) from Sonarr/Radarr
2026-08-18 08:24:29 [INFO] Scan finished in 13.1s — 189 upgrade(s) found
2026-08-18 08:28:58 [INFO] Scan started
2026-08-18 08:29:02 [INFO] releases.moe: 2829 best-release entries loaded
2026-08-18 08:29:02 [INFO] Local library: 102 item(s) from Sonarr/Radarr
2026-08-18 08:29:02 [INFO] Scan finished in 3.8s — 189 upgrade(s) found
2026-08-18 08:29:53 [INFO] Server starting on 0.0.0.0:8080 (data dir: C:\Coding\SeaDex Companion)
2026-08-18 08:30:10 [INFO] Scan started
2026-08-18 08:30:13 [INFO] releases.moe: 2829 best-release entries loaded
2026-08-18 08:30:14 [INFO] Local library: 102 item(s) from Sonarr/Radarr
2026-08-18 08:30:14 [INFO] Scan finished in 3.9s — 189 upgrade(s) found
2026-08-18 08:33:15 [INFO] Sent to qBittorrent: Sonarr:141391:1:Okay-Subs release 0 (category: sonarr-anime)
2026-08-18 08:37:17 [INFO] Server starting on 0.0.0.0:8080 (data dir: C:\Coding\SeaDex Companion)
2026-08-18 08:37:51 [INFO] Scan started
2026-08-18 08:37:55 [INFO] releases.moe: 2829 best-release entries loaded
2026-08-18 08:37:55 [INFO] Local library: 102 item(s) from Sonarr/Radarr
2026-08-18 08:37:55 [INFO] Scan finished in 4.8s — 189 upgrade(s) found
2026-08-18 08:43:58 [INFO] Server starting on 0.0.0.0:8080 (data dir: C:\Coding\SeaDex Companion)
2026-08-18 09:07:19 [INFO] Server starting on 0.0.0.0:8080 (data dir: C:\Coding\SeaDex Companion)
2026-08-18 09:09:09 [INFO] Scan started
2026-08-18 09:09:13 [INFO] releases.moe: 2829 best-release entries loaded
2026-08-18 09:09:13 [INFO] Local library: 102 item(s) from Sonarr/Radarr
2026-08-18 09:09:13 [INFO] Scan finished in 4.4s — 189 upgrade(s) found
2026-08-18 10:07:20 [INFO] Auto-check triggered (interval 60 min)
2026-08-18 10:07:20 [INFO] Scan started
2026-08-18 10:07:25 [INFO] releases.moe: 2829 best-release entries loaded
2026-08-18 10:07:25 [INFO] Local library: 102 item(s) from Sonarr/Radarr
2026-08-18 10:07:25 [INFO] Scan finished in 5.2s — 189 upgrade(s) found
2026-08-18 10:07:26 [INFO] Scan started
2026-08-18 10:07:30 [INFO] releases.moe: 2829 best-release entries loaded
2026-08-18 10:07:30 [INFO] Local library: 102 item(s) from Sonarr/Radarr
2026-08-18 10:07:52 [INFO] Discord: sent 31/31 notification(s)
2026-08-18 10:15:42 [INFO] Scan started
2026-08-18 10:15:45 [INFO] releases.moe: 2829 best-release entries loaded
2026-08-18 10:15:45 [INFO] Local library: 102 item(s) from Sonarr/Radarr
2026-08-18 10:15:45 [INFO] Scan finished in 3.7s — 189 upgrade(s) found
2026-08-18 10:16:34 [WARNING] AniList rate limit (HTTP 429), backing off
2026-08-18 10:25:20 [INFO] Scan started
2026-08-18 10:25:23 [INFO] releases.moe: 2829 best-release entries loaded
2026-08-18 10:25:23 [INFO] Local library: 102 item(s) from Sonarr/Radarr
2026-08-18 10:25:57 [INFO] Scan finished in 36.8s — 189 upgrade(s) found
2026-08-18 10:30:51 [INFO] Server starting on 0.0.0.0:8080 (data dir: C:\Coding\SeaDex Companion)
2026-08-18 10:53:11 [INFO] Scan started
2026-08-18 10:53:11 [INFO] releases.moe: 3 best-release entries loaded
2026-08-18 10:53:11 [INFO] Local library: 1 item(s) from Sonarr/Radarr
2026-08-18 10:53:11 [INFO] Scan finished in 0.0s — 2 upgrade(s) found
2026-08-18 10:55:14 [INFO] Scan started
2026-08-18 10:55:17 [INFO] releases.moe: 2829 best-release entries loaded
2026-08-18 10:55:18 [INFO] Local library: 102 item(s) from Sonarr/Radarr
2026-08-18 10:55:18 [INFO] Scan finished in 3.9s — 189 upgrade(s) found
2026-08-18 10:56:22 [INFO] Server starting on 0.0.0.0:8080 (data dir: C:\Coding\SeaDex Companion)
2026-08-18 10:56:46 [INFO] Scan started
2026-08-18 10:56:49 [INFO] releases.moe: 2829 best-release entries loaded
2026-08-18 10:56:50 [INFO] Local library: 102 item(s) from Sonarr/Radarr
2026-08-18 11:03:29 [INFO] Scan started
2026-08-18 11:03:29 [INFO] releases.moe: 3 best-release entries loaded
2026-08-18 11:03:29 [INFO] Local library: 1 item(s) from Sonarr/Radarr
2026-08-18 11:03:29 [INFO] Scan finished in 0.0s — 2 upgrade(s) found
2026-08-18 11:05:21 [INFO] Scan started
2026-08-18 11:05:21 [INFO] releases.moe: 3 best-release entries loaded
2026-08-18 11:05:21 [INFO] Local library: 1 item(s) from Sonarr/Radarr
2026-08-18 11:05:21 [INFO] Scan finished in 0.0s — 2 upgrade(s) found
2026-08-18 11:07:38 [INFO] Scan finished in 652.5s — 189 upgrade(s) found
2026-08-18 11:16:50 [INFO] Scan started
2026-08-18 11:16:50 [INFO] releases.moe: 3 best-release entries loaded
2026-08-18 11:16:50 [INFO] Local library: 1 item(s) from Sonarr/Radarr
2026-08-18 11:16:50 [INFO] Scan finished in 0.0s — 2 upgrade(s) found
2026-08-18 11:17:04 [INFO] Scan started
2026-08-18 11:17:04 [INFO] releases.moe: 3 best-release entries loaded
2026-08-18 11:17:04 [INFO] Local library: 1 item(s) from Sonarr/Radarr
2026-08-18 11:17:04 [INFO] Scan finished in 0.0s — 2 upgrade(s) found
2026-08-18 11:17:46 [INFO] Server starting on 0.0.0.0:8080 (data dir: C:\Coding\SeaDex Companion)
2026-08-18 11:42:04 [INFO] Server starting on 0.0.0.0:8080 (data dir: C:\Coding\SeaDex Companion)
2026-08-18 11:42:13 [INFO] Scan started
2026-08-18 11:42:16 [INFO] releases.moe: 2829 best-release entries loaded
2026-08-18 11:42:17 [INFO] Local library: 102 item(s) from Sonarr/Radarr
2026-08-18 11:42:17 [INFO] Scan finished in 3.6s — 189 upgrade(s) found
2026-08-18 11:44:43 [INFO] Server starting on 0.0.0.0:8080 (data dir: C:\Coding\SeaDex Companion)
2026-08-18 12:06:24 [INFO] Scan started
2026-08-18 12:06:24 [INFO] releases.moe: 3 best-release entries loaded
2026-08-18 12:06:24 [INFO] Local library: 1 item(s) from Sonarr/Radarr
2026-08-18 12:06:24 [INFO] Scan finished in 0.0s — 2 upgrade(s) found
2026-08-18 12:11:28 [INFO] Scan started
2026-08-18 12:11:28 [INFO] releases.moe: 3 best-release entries loaded
2026-08-18 12:11:28 [INFO] Local library: 1 item(s) from Sonarr/Radarr
2026-08-18 12:11:28 [INFO] Scan finished in 0.0s — 2 upgrade(s) found
2026-08-18 12:14:06 [INFO] Scan started
2026-08-18 12:14:06 [INFO] releases.moe: 3 best-release entries loaded
2026-08-18 12:14:06 [INFO] Local library: 1 item(s) from Sonarr/Radarr
2026-08-18 12:14:06 [INFO] Scan finished in 0.0s — 2 upgrade(s) found
2026-08-18 12:14:45 [INFO] Server starting on 0.0.0.0:8080 (data dir: C:\Coding\SeaDex Companion)
2026-08-18 12:14:52 [INFO] Scan started
2026-08-18 12:14:56 [INFO] releases.moe: 2829 best-release entries loaded
2026-08-18 12:14:56 [INFO] Local library: 101 item(s) from Sonarr/Radarr
2026-08-18 12:15:56 [WARNING] AniList rate limit (HTTP 429), backing off
2026-08-18 12:17:55 [WARNING] AniList search rate limit (HTTP 429), backing off
2026-08-18 12:18:17 [INFO] Sent to qBittorrent: Sonarr:132405:1:MTBB release 0, 1 torrent(s) (category: sonarr-anime)
2026-08-18 12:20:54 [WARNING] AniList rate limit (HTTP 429), backing off
2026-08-18 12:29:53 [INFO] Scan finished in 900.9s — 188 upgrade(s) found
2026-08-18 12:32:21 [INFO] Sent to qBittorrent: Sonarr:182896:8:Pico release 0, 1 torrent(s) (category: sonarr-anime)
2026-08-18 12:44:43 [INFO] Server starting on 0.0.0.0:8080 (data dir: C:\Coding\SeaDex Companion)
2026-08-18 12:47:01 [INFO] Server starting on 0.0.0.0:8080 (data dir: C:\Coding\SeaDex Companion)
2026-08-18 12:51:02 [INFO] Scan started
2026-08-18 12:51:02 [INFO] releases.moe: 3 best-release entries loaded
2026-08-18 12:51:02 [INFO] Local library: 1 item(s) from Sonarr/Radarr
2026-08-18 12:51:02 [INFO] Scan finished in 0.0s — 2 upgrade(s) found
2026-08-18 12:52:09 [INFO] Server starting on 0.0.0.0:8080 (data dir: C:\Coding\SeaDex Companion)
2026-08-18 12:58:57 [INFO] Server starting on 0.0.0.0:8080 (data dir: C:\Coding\SeaDex Companion)
2026-08-18 13:00:16 [INFO] Server starting on 0.0.0.0:8080 (data dir: C:\Coding\SeaDex Companion)
2026-08-18 13:07:11 [INFO] Server starting on 0.0.0.0:8080 (data dir: C:\Coding\SeaDex Companion)
2026-08-18 13:20:43 [INFO] Server starting on 0.0.0.0:8080 (data dir: C:\Coding\SeaDex Companion)
2026-08-18 13:33:12 [INFO] Scan started
2026-08-18 13:33:12 [INFO] releases.moe: 3 best-release entries loaded
2026-08-18 13:33:12 [INFO] Local library: 1 item(s) from Sonarr/Radarr
2026-08-18 13:33:12 [INFO] Scan finished in 0.0s — 2 upgrade(s) found
2026-08-18 13:34:23 [INFO] Scan started
2026-08-18 13:34:23 [INFO] releases.moe: 3 best-release entries loaded
2026-08-18 13:34:23 [INFO] Local library: 1 item(s) from Sonarr/Radarr
2026-08-18 13:34:23 [INFO] Scan finished in 0.0s — 2 upgrade(s) found
2026-08-18 13:35:23 [INFO] Server starting on 0.0.0.0:8080 (data dir: C:\Coding\SeaDex Companion)
2026-08-18 13:35:35 [INFO] Scan started
2026-08-18 13:35:39 [INFO] releases.moe: 2829 best-release entries loaded
2026-08-18 13:35:39 [INFO] Local library: 101 item(s) from Sonarr/Radarr
2026-08-18 13:40:40 [WARNING] AniList rate limit (HTTP 429), backing off
2026-08-18 13:41:28 [INFO] Sent to qBittorrent: Sonarr:171457:1:Anna release 0, 1 torrent(s) (category: sonarr-anime)
2026-08-18 13:43:17 [INFO] Sent to qBittorrent: Sonarr:163139:7:SubsPlease release 0, 21 torrent(s) (category: sonarr-anime)
2026-08-18 13:49:03 [INFO] Discord: sent 14/14 notification(s)
2026-08-18 13:49:03 [INFO] Scan finished in 808.9s — 188 upgrade(s) found
2026-08-18 13:51:37 [INFO] Scan started
2026-08-18 13:51:37 [INFO] releases.moe: 3 best-release entries loaded
2026-08-18 13:51:37 [INFO] Local library: 1 item(s) from Sonarr/Radarr
2026-08-18 13:51:37 [INFO] Scan finished in 0.0s — 2 upgrade(s) found
2026-08-18 16:31:42 [INFO] Scan started
2026-08-18 16:31:42 [INFO] releases.moe: 2 best-release entries loaded
2026-08-18 16:31:42 [INFO] Local library: 1 item(s) from Sonarr/Radarr
2026-08-18 16:31:42 [INFO] Scan finished in 0.0s — 1 upgrade(s) found
2026-08-18 16:31:42 [INFO] Scan started
2026-08-18 16:31:42 [INFO] releases.moe: 3 best-release entries loaded
2026-08-18 16:31:42 [INFO] Local library: 1 item(s) from Sonarr/Radarr
2026-08-18 16:31:42 [INFO] Scan finished in 0.0s — 2 upgrade(s) found
2026-08-18 16:32:24 [INFO] Scan started
2026-08-18 16:32:24 [INFO] releases.moe: 2 best-release entries loaded
2026-08-18 16:32:24 [INFO] Local library: 1 item(s) from Sonarr/Radarr
2026-08-18 16:32:24 [INFO] Scan finished in 0.0s — 1 upgrade(s) found
2026-08-18 16:32:24 [INFO] Scan started
2026-08-18 16:32:24 [INFO] releases.moe: 3 best-release entries loaded
2026-08-18 16:32:24 [INFO] Local library: 1 item(s) from Sonarr/Radarr
2026-08-18 16:32:24 [INFO] Scan finished in 0.0s — 2 upgrade(s) found
2026-08-18 16:33:14 [INFO] Scan started
2026-08-18 16:33:14 [INFO] releases.moe: 2 best-release entries loaded
2026-08-18 16:33:14 [INFO] Local library: 1 item(s) from Sonarr/Radarr
2026-08-18 16:33:14 [INFO] Scan finished in 0.0s — 1 upgrade(s) found
2026-08-18 16:33:14 [INFO] Scan started
2026-08-18 16:33:14 [INFO] releases.moe: 3 best-release entries loaded
2026-08-18 16:33:14 [INFO] Local library: 1 item(s) from Sonarr/Radarr
2026-08-18 16:33:14 [INFO] Scan finished in 0.0s — 2 upgrade(s) found
2026-08-18 16:34:03 [INFO] Scan started
2026-08-18 16:34:03 [INFO] releases.moe: 2 best-release entries loaded
2026-08-18 16:34:03 [INFO] Local library: 1 item(s) from Sonarr/Radarr
2026-08-18 16:34:03 [INFO] Scan finished in 0.0s — 1 upgrade(s) found
2026-08-18 16:34:03 [INFO] Scan started
2026-08-18 16:34:03 [INFO] releases.moe: 3 best-release entries loaded
2026-08-18 16:34:03 [INFO] Local library: 1 item(s) from Sonarr/Radarr
2026-08-18 16:34:03 [INFO] Scan finished in 0.0s — 2 upgrade(s) found
2026-08-18 16:38:14 [INFO] Server starting on 0.0.0.0:8080 (data dir: C:\Coding\SeaDex Companion)
2026-08-18 16:38:57 [INFO] Scan started
2026-08-18 16:39:01 [INFO] releases.moe: 2829 best-release entries loaded
2026-08-18 16:39:01 [INFO] Local library: 101 item(s) from Sonarr/Radarr
2026-08-18 16:39:01 [INFO] Scan finished in 3.8s — 188 upgrade(s) found
2026-08-18 17:09:20 [INFO] Scan started
2026-08-18 17:09:20 [INFO] releases.moe: 2 best-release entries loaded
2026-08-18 17:09:20 [INFO] Local library: 1 item(s) from Sonarr/Radarr
2026-08-18 17:09:20 [INFO] Scan finished in 0.0s — 1 upgrade(s) found
2026-08-18 17:09:20 [INFO] Scan started
2026-08-18 17:09:20 [INFO] releases.moe: 3 best-release entries loaded
2026-08-18 17:09:20 [INFO] Local library: 1 item(s) from Sonarr/Radarr
2026-08-18 17:09:20 [INFO] Scan finished in 0.0s — 2 upgrade(s) found
2026-08-18 17:11:01 [INFO] Server starting on 0.0.0.0:8080 (data dir: C:\Coding\SeaDex Companion)
2026-08-18 17:11:17 [INFO] Scan started
2026-08-18 17:11:23 [INFO] releases.moe: 2829 best-release entries loaded
2026-08-18 17:11:23 [INFO] Local library: 101 item(s) from Sonarr/Radarr
2026-08-18 17:11:23 [INFO] Scan finished in 5.8s — 188 upgrade(s) found
2026-08-18 17:12:29 [INFO] Server starting on 0.0.0.0:8080 (data dir: C:\Coding\SeaDex Companion)
2026-08-18 17:12:42 [INFO] Scan started
2026-08-18 17:12:46 [INFO] releases.moe: 2829 best-release entries loaded
2026-08-18 17:12:46 [INFO] Local library: 101 item(s) from Sonarr/Radarr
2026-08-18 17:12:46 [INFO] Scan finished in 3.6s — 188 upgrade(s) found
